/home/snirhordan/miniconda3/envs/schnet-angle/lib/python3.10/site-packages/outdated/__init__.py:36: UserWarning: pkg_resources is deprecated as an API. See https://setuptools.pypa.io/en/latest/pkg_resources.html. The pkg_resources package is slated for removal as early as 2025-11-30. Refrain from using this package or pin to Setuptools<81.
  from pkg_resources import parse_version
Device: cuda
Loading ogbg-molpcba with map canonicalization (k=16)...
  Train: 350343 graphs
  Valid: 43793 graphs
  Test:  43793 graphs
  Tasks: 128
Model parameters: 5,952
Epoch   1/500  loss=0.0715  val_AP=0.0410  (441.2s)
Epoch  10/500  loss=0.0528  val_AP=0.0534  (443.1s)
Epoch  20/500  loss=0.0525  val_AP=0.0573  (523.5s)
Epoch  30/500  loss=0.0524  val_AP=0.0572  (396.4s)
Epoch  40/500  loss=0.0523  val_AP=0.0570  (439.5s)
Epoch  50/500  loss=0.0523  val_AP=0.0574  (377.2s)
Epoch  60/500  loss=0.0522  val_AP=0.0585  (397.2s)
Epoch  70/500  loss=0.0522  val_AP=0.0594  (389.5s)
Epoch  80/500  loss=0.0522  val_AP=0.0591  (406.9s)
Epoch  90/500  loss=0.0522  val_AP=0.0590  (395.9s)
Epoch 100/500  loss=0.0521  val_AP=0.0597  (359.5s)
Epoch 110/500  loss=0.0521  val_AP=0.0589  (393.1s)
Epoch 120/500  loss=0.0521  val_AP=0.0615  (393.2s)
Epoch 130/500  loss=0.0520  val_AP=0.0600  (393.5s)
Epoch 140/500  loss=0.0521  val_AP=0.0612  (405.5s)
Epoch 150/500  loss=0.0521  val_AP=0.0596  (342.1s)
Epoch 160/500  loss=0.0521  val_AP=0.0598  (364.1s)
Epoch 170/500  loss=0.0521  val_AP=0.0606  (384.4s)
Epoch 180/500  loss=0.0520  val_AP=0.0590  (391.6s)
Epoch 190/500  loss=0.0520  val_AP=0.0597  (412.2s)
Epoch 200/500  loss=0.0520  val_AP=0.0607  (389.9s)
Epoch 210/500  loss=0.0520  val_AP=0.0611  (382.9s)
Epoch 220/500  loss=0.0520  val_AP=0.0607  (392.3s)
Epoch 230/500  loss=0.0520  val_AP=0.0603  (428.8s)
Epoch 240/500  loss=0.0520  val_AP=0.0608  (417.4s)
Epoch 250/500  loss=0.0520  val_AP=0.0606  (361.2s)
Epoch 260/500  loss=0.0520  val_AP=0.0613  (474.2s)
Epoch 270/500  loss=0.0520  val_AP=0.0620  (398.9s)
Epoch 280/500  loss=0.0519  val_AP=0.0615  (411.0s)
Epoch 290/500  loss=0.0520  val_AP=0.0617  (395.3s)
Epoch 300/500  loss=0.0519  val_AP=0.0619  (417.0s)
Epoch 310/500  loss=0.0519  val_AP=0.0628  (426.4s)
Epoch 320/500  loss=0.0519  val_AP=0.0619  (376.2s)
Epoch 330/500  loss=0.0519  val_AP=0.0628  (397.3s)
Epoch 340/500  loss=0.0519  val_AP=0.0618  (406.0s)
Epoch 350/500  loss=0.0519  val_AP=0.0621  (419.1s)
Epoch 360/500  loss=0.0519  val_AP=0.0619  (405.4s)
Epoch 370/500  loss=0.0519  val_AP=0.0627  (389.7s)
Epoch 380/500  loss=0.0519  val_AP=0.0624  (414.0s)
Epoch 390/500  loss=0.0519  val_AP=0.0634  (395.4s)
Epoch 400/500  loss=0.0519  val_AP=0.0630  (356.3s)
Epoch 410/500  loss=0.0519  val_AP=0.0626  (428.2s)
Epoch 420/500  loss=0.0518  val_AP=0.0631  (410.5s)
Epoch 430/500  loss=0.0518  val_AP=0.0627  (396.2s)
Epoch 440/500  loss=0.0519  val_AP=0.0622  (383.4s)
Epoch 450/500  loss=0.0519  val_AP=0.0633  (404.3s)
Epoch 460/500  loss=0.0518  val_AP=0.0624  (379.8s)
Epoch 470/500  loss=0.0518  val_AP=0.0624  (406.8s)
Epoch 480/500  loss=0.0518  val_AP=0.0631  (396.8s)
Epoch 490/500  loss=0.0519  val_AP=0.0629  (410.7s)
Epoch 500/500  loss=0.0518  val_AP=0.0634  (364.6s)

Best epoch: 414
Final val ap: 0.0639
Final test ap: 0.0664
Results saved to results/matched_compute_k16/gin/map_k16_h16_s1
