/home/snirhordan/miniconda3/envs/schnet-angle/lib/python3.10/site-packages/outdated/__init__.py:36: UserWarning: pkg_resources is deprecated as an API. See https://setuptools.pypa.io/en/latest/pkg_resources.html. The pkg_resources package is slated for removal as early as 2025-11-30. Refrain from using this package or pin to Setuptools<81.
  from pkg_resources import parse_version
Device: cuda
Loading ogbg-molpcba with random_augmented canonicalization (k=3)...
  Train: 350343 graphs
  Valid: 43793 graphs
  Test:  43793 graphs
  Tasks: 128
Model parameters: 2,973,312
Epoch   1/200  loss=0.0539  val_AP=0.0701  (585.6s)
Epoch  10/200  loss=0.0427  val_AP=0.1618  (422.6s)
Epoch  20/200  loss=0.0405  val_AP=0.1888  (438.7s)
Epoch  30/200  loss=0.0393  val_AP=0.2098  (458.9s)
Epoch  40/200  loss=0.0384  val_AP=0.2252  (428.1s)
Epoch  50/200  loss=0.0378  val_AP=0.2328  (437.3s)
Epoch  60/200  loss=0.0372  val_AP=0.2307  (408.0s)
Epoch  70/200  loss=0.0368  val_AP=0.2443  (403.1s)
Epoch  80/200  loss=0.0363  val_AP=0.2444  (470.2s)
Epoch  90/200  loss=0.0359  val_AP=0.2536  (461.1s)
Epoch 100/200  loss=0.0355  val_AP=0.2537  (427.4s)
Epoch 110/200  loss=0.0351  val_AP=0.2582  (459.4s)
Epoch 120/200  loss=0.0348  val_AP=0.2574  (472.3s)
Epoch 130/200  loss=0.0345  val_AP=0.2600  (464.3s)
Epoch 140/200  loss=0.0342  val_AP=0.2627  (443.9s)
Epoch 150/200  loss=0.0340  val_AP=0.2642  (475.3s)
Epoch 160/200  loss=0.0338  val_AP=0.2669  (456.4s)
Epoch 170/200  loss=0.0337  val_AP=0.2641  (429.9s)
Early stopping at epoch 175 (patience=15)

Best epoch: 160
Final val ap: 0.2670
Final test ap: 0.2510
Final test ap (aug-avg K=8): 0.2511
Results saved to results/test_time_averaging_augmented/gin/random_augmented_k3_h512_s2
