/home/snirhordan/miniconda3/envs/schnet-angle/lib/python3.10/site-packages/outdated/__init__.py:36: UserWarning: pkg_resources is deprecated as an API. See https://setuptools.pypa.io/en/latest/pkg_resources.html. The pkg_resources package is slated for removal as early as 2025-11-30. Refrain from using this package or pin to Setuptools<81.
  from pkg_resources import parse_version
Device: cuda
Loading ogbg-molpcba with random_augmented canonicalization (k=3)...
  Train: 350343 graphs
  Valid: 43793 graphs
  Test:  43793 graphs
  Tasks: 128
Model parameters: 2,973,312
Epoch   1/200  loss=0.0540  val_AP=0.0701  (583.4s)
Epoch  10/200  loss=0.0428  val_AP=0.1589  (459.1s)
Epoch  20/200  loss=0.0406  val_AP=0.1999  (495.5s)
Epoch  30/200  loss=0.0394  val_AP=0.2150  (517.0s)
Epoch  40/200  loss=0.0386  val_AP=0.2192  (506.3s)
Epoch  50/200  loss=0.0379  val_AP=0.2310  (440.9s)
Epoch  60/200  loss=0.0374  val_AP=0.2356  (473.7s)
Epoch  70/200  loss=0.0369  val_AP=0.2376  (489.6s)
Epoch  80/200  loss=0.0364  val_AP=0.2419  (464.0s)
Early stopping at epoch 87 (patience=15)

Best epoch: 72
Final val ap: 0.2450
Final test ap: 0.2275
Final test ap (aug-avg K=8): 0.2280
Results saved to results/test_time_averaging_augmented/gin/random_augmented_k3_h512_s0
