/home/snirhordan/miniconda3/envs/schnet-angle/lib/python3.10/site-packages/outdated/__init__.py:36: UserWarning: pkg_resources is deprecated as an API. See https://setuptools.pypa.io/en/latest/pkg_resources.html. The pkg_resources package is slated for removal as early as 2025-11-30. Refrain from using this package or pin to Setuptools<81.
  from pkg_resources import parse_version
Device: cuda
Loading ogbg-molpcba with map canonicalization (k=16)...
  Train: 350343 graphs
  Valid: 43793 graphs
  Test:  43793 graphs
  Tasks: 128
Model parameters: 204,416
Epoch   1/500  loss=0.0564  val_AP=0.0602  (488.7s)
Epoch  10/500  loss=0.0462  val_AP=0.1321  (383.0s)
Epoch  20/500  loss=0.0447  val_AP=0.1418  (458.3s)
Epoch  30/500  loss=0.0441  val_AP=0.1546  (387.2s)
Epoch  40/500  loss=0.0436  val_AP=0.1626  (346.7s)
Epoch  50/500  loss=0.0433  val_AP=0.1662  (395.2s)
Epoch  60/500  loss=0.0432  val_AP=0.1675  (361.5s)
Epoch  70/500  loss=0.0429  val_AP=0.1719  (374.0s)
Epoch  80/500  loss=0.0428  val_AP=0.1720  (411.6s)
Epoch  90/500  loss=0.0427  val_AP=0.1755  (371.0s)
Epoch 100/500  loss=0.0426  val_AP=0.1759  (402.7s)
Epoch 110/500  loss=0.0425  val_AP=0.1741  (432.2s)
Epoch 120/500  loss=0.0425  val_AP=0.1759  (364.7s)
Epoch 130/500  loss=0.0424  val_AP=0.1797  (400.9s)
Epoch 140/500  loss=0.0423  val_AP=0.1797  (372.4s)
Epoch 150/500  loss=0.0423  val_AP=0.1783  (385.0s)
Epoch 160/500  loss=0.0422  val_AP=0.1845  (359.0s)
Epoch 170/500  loss=0.0421  val_AP=0.1823  (345.1s)
Epoch 180/500  loss=0.0421  val_AP=0.1823  (410.8s)
Epoch 190/500  loss=0.0420  val_AP=0.1833  (341.5s)
Epoch 200/500  loss=0.0419  val_AP=0.1866  (406.5s)
Epoch 210/500  loss=0.0419  val_AP=0.1870  (407.9s)
Epoch 220/500  loss=0.0418  val_AP=0.1870  (445.9s)
Epoch 230/500  loss=0.0418  val_AP=0.1870  (395.7s)
Epoch 240/500  loss=0.0417  val_AP=0.1869  (456.0s)
Epoch 250/500  loss=0.0417  val_AP=0.1912  (403.7s)
Epoch 260/500  loss=0.0416  val_AP=0.1869  (400.0s)
Epoch 270/500  loss=0.0416  val_AP=0.1881  (350.4s)
Epoch 280/500  loss=0.0415  val_AP=0.1886  (383.8s)
Epoch 290/500  loss=0.0415  val_AP=0.1902  (393.0s)
Epoch 300/500  loss=0.0415  val_AP=0.1908  (396.6s)
Epoch 310/500  loss=0.0414  val_AP=0.1891  (446.0s)
Epoch 320/500  loss=0.0413  val_AP=0.1920  (365.0s)
Epoch 330/500  loss=0.0413  val_AP=0.1905  (378.3s)
Epoch 340/500  loss=0.0413  val_AP=0.1923  (394.8s)
Epoch 350/500  loss=0.0412  val_AP=0.1947  (404.1s)
Epoch 360/500  loss=0.0412  val_AP=0.1936  (421.2s)
Epoch 370/500  loss=0.0411  val_AP=0.1927  (377.8s)
Epoch 380/500  loss=0.0410  val_AP=0.1942  (432.9s)
Epoch 390/500  loss=0.0410  val_AP=0.1945  (456.1s)
Epoch 400/500  loss=0.0410  val_AP=0.1942  (443.9s)
Epoch 410/500  loss=0.0410  val_AP=0.1949  (401.3s)
Epoch 420/500  loss=0.0410  val_AP=0.1950  (435.0s)
Epoch 430/500  loss=0.0410  val_AP=0.1942  (387.1s)
Epoch 440/500  loss=0.0409  val_AP=0.1950  (364.7s)
Epoch 450/500  loss=0.0409  val_AP=0.1951  (443.2s)
Epoch 460/500  loss=0.0409  val_AP=0.1943  (408.3s)
Epoch 470/500  loss=0.0409  val_AP=0.1934  (417.5s)
Epoch 480/500  loss=0.0409  val_AP=0.1942  (399.3s)
Epoch 490/500  loss=0.0409  val_AP=0.1953  (409.6s)
Epoch 500/500  loss=0.0409  val_AP=0.1959  (388.5s)

Best epoch: 488
Final val ap: 0.1965
Final test ap: 0.1927
Results saved to results/matched_compute_k16/gin/map_k16_h128_s1
