/home/snirhordan/miniconda3/envs/schnet-angle/lib/python3.10/site-packages/outdated/__init__.py:36: UserWarning: pkg_resources is deprecated as an API. See https://setuptools.pypa.io/en/latest/pkg_resources.html. The pkg_resources package is slated for removal as early as 2025-11-30. Refrain from using this package or pin to Setuptools<81.
  from pkg_resources import parse_version
Device: cuda
Loading ogbg-molpcba with oap canonicalization (k=3)...
  Train: 350343 graphs
  Valid: 43793 graphs
  Test:  43793 graphs
  Tasks: 128
Model parameters: 202,752
Epoch   1/200  loss=0.0564  val_AP=0.0630  (516.5s)
Epoch  10/200  loss=0.0460  val_AP=0.1229  (446.7s)
Epoch  20/200  loss=0.0446  val_AP=0.1443  (408.9s)
Epoch  30/200  loss=0.0440  val_AP=0.1574  (416.7s)
Epoch  40/200  loss=0.0435  val_AP=0.1606  (412.3s)
Epoch  50/200  loss=0.0432  val_AP=0.1698  (444.6s)
Epoch  60/200  loss=0.0429  val_AP=0.1765  (443.1s)
Epoch  70/200  loss=0.0427  val_AP=0.1792  (319.3s)
Epoch  80/200  loss=0.0425  val_AP=0.1790  (277.2s)
Epoch  90/200  loss=0.0423  val_AP=0.1852  (245.0s)
Epoch 100/200  loss=0.0421  val_AP=0.1852  (242.5s)
Early stopping at epoch 109 (patience=15)

Best epoch: 94
Final val ap: 0.1906
Final test ap: 0.1774
Results saved to results/test_time_averaging_augmented/gin/oap_k3_h128_s0
