/home/snirhordan/miniconda3/envs/schnet-angle/lib/python3.10/site-packages/outdated/__init__.py:36: UserWarning: pkg_resources is deprecated as an API. See https://setuptools.pypa.io/en/latest/pkg_resources.html. The pkg_resources package is slated for removal as early as 2025-11-30. Refrain from using this package or pin to Setuptools<81.
  from pkg_resources import parse_version
Device: cuda
Loading ogbg-molpcba with oap canonicalization (k=3)...
  Train: 350343 graphs
  Valid: 43793 graphs
  Test:  43793 graphs
  Tasks: 128
Model parameters: 202,752
Epoch   1/200  loss=0.0566  val_AP=0.0578  (536.7s)
Epoch  10/200  loss=0.0459  val_AP=0.1239  (393.2s)
Epoch  20/200  loss=0.0446  val_AP=0.1458  (317.4s)
Epoch  30/200  loss=0.0439  val_AP=0.1573  (377.9s)
Epoch  40/200  loss=0.0435  val_AP=0.1627  (416.8s)
Epoch  50/200  loss=0.0432  val_AP=0.1671  (353.3s)
Epoch  60/200  loss=0.0429  val_AP=0.1703  (306.0s)
Epoch  70/200  loss=0.0427  val_AP=0.1757  (264.7s)
Early stopping at epoch 74 (patience=15)

Best epoch: 59
Final val ap: 0.1785
Final test ap: 0.1678
Results saved to results/test_time_averaging_augmented/gin/oap_k3_h128_s2
