/home/snirhordan/miniconda3/envs/schnet-angle/lib/python3.10/site-packages/outdated/__init__.py:36: UserWarning: pkg_resources is deprecated as an API. See https://setuptools.pypa.io/en/latest/pkg_resources.html. The pkg_resources package is slated for removal as early as 2025-11-30. Refrain from using this package or pin to Setuptools<81.
  from pkg_resources import parse_version
Device: cuda
Loading ogbg-molpcba with random_augmented canonicalization (k=3)...
  Train: 350343 graphs
  Valid: 43793 graphs
  Test:  43793 graphs
  Tasks: 128
Model parameters: 202,752
Epoch   1/200  loss=0.0564  val_AP=0.0607  (630.7s)
Epoch  10/200  loss=0.0460  val_AP=0.1241  (474.0s)
Epoch  20/200  loss=0.0446  val_AP=0.1453  (464.5s)
Epoch  30/200  loss=0.0440  val_AP=0.1558  (503.6s)
Epoch  40/200  loss=0.0435  val_AP=0.1591  (577.9s)
Epoch  50/200  loss=0.0432  val_AP=0.1655  (472.6s)
Epoch  60/200  loss=0.0429  val_AP=0.1713  (478.6s)
Epoch  70/200  loss=0.0428  val_AP=0.1746  (461.7s)
Epoch  80/200  loss=0.0425  val_AP=0.1766  (491.0s)
Epoch  90/200  loss=0.0423  val_AP=0.1796  (453.3s)
Early stopping at epoch 90 (patience=15)

Best epoch: 75
Final val ap: 0.1818
Final test ap: 0.1716
Final test ap (aug-avg K=8): 0.1717
Results saved to results/test_time_averaging_augmented/gin/random_augmented_k3_h128_s1
