/home/snirhordan/miniconda3/envs/schnet-angle/lib/python3.10/site-packages/outdated/__init__.py:36: UserWarning: pkg_resources is deprecated as an API. See https://setuptools.pypa.io/en/latest/pkg_resources.html. The pkg_resources package is slated for removal as early as 2025-11-30. Refrain from using this package or pin to Setuptools<81.
  from pkg_resources import parse_version
Device: cuda
Loading ogbg-molpcba with oap canonicalization (k=16)...
  Train: 350343 graphs
  Valid: 43793 graphs
  Test:  43793 graphs
  Tasks: 128
Model parameters: 5,952
Epoch   1/500  loss=0.0716  val_AP=0.0432  (485.9s)
Epoch  10/500  loss=0.0527  val_AP=0.0544  (443.4s)
Epoch  20/500  loss=0.0524  val_AP=0.0583  (389.0s)
Epoch  30/500  loss=0.0522  val_AP=0.0586  (394.7s)
Epoch  40/500  loss=0.0522  val_AP=0.0586  (413.0s)
Epoch  50/500  loss=0.0522  val_AP=0.0592  (398.6s)
Epoch  60/500  loss=0.0521  val_AP=0.0634  (364.3s)
Epoch  70/500  loss=0.0521  val_AP=0.0608  (375.7s)
Epoch  80/500  loss=0.0521  val_AP=0.0609  (424.9s)
Epoch  90/500  loss=0.0521  val_AP=0.0606  (418.4s)
Epoch 100/500  loss=0.0520  val_AP=0.0603  (390.6s)
Epoch 110/500  loss=0.0520  val_AP=0.0622  (381.9s)
Epoch 120/500  loss=0.0519  val_AP=0.0619  (371.8s)
Epoch 130/500  loss=0.0519  val_AP=0.0611  (418.1s)
Epoch 140/500  loss=0.0519  val_AP=0.0611  (379.6s)
Epoch 150/500  loss=0.0519  val_AP=0.0607  (407.2s)
Epoch 160/500  loss=0.0519  val_AP=0.0622  (385.0s)
Epoch 170/500  loss=0.0519  val_AP=0.0611  (347.4s)
Epoch 180/500  loss=0.0519  val_AP=0.0634  (339.4s)
Epoch 190/500  loss=0.0519  val_AP=0.0611  (354.7s)
Epoch 200/500  loss=0.0518  val_AP=0.0629  (364.3s)
Epoch 210/500  loss=0.0519  val_AP=0.0640  (444.9s)
Epoch 220/500  loss=0.0518  val_AP=0.0629  (431.4s)
Epoch 230/500  loss=0.0519  val_AP=0.0625  (390.6s)
Epoch 240/500  loss=0.0518  val_AP=0.0625  (450.7s)
Epoch 250/500  loss=0.0518  val_AP=0.0633  (395.7s)
Epoch 260/500  loss=0.0517  val_AP=0.0635  (369.5s)
Epoch 270/500  loss=0.0517  val_AP=0.0627  (424.2s)
Epoch 280/500  loss=0.0517  val_AP=0.0644  (387.4s)
Epoch 290/500  loss=0.0517  val_AP=0.0635  (428.1s)
Epoch 300/500  loss=0.0518  val_AP=0.0630  (448.9s)
Epoch 310/500  loss=0.0517  val_AP=0.0637  (397.3s)
Epoch 320/500  loss=0.0517  val_AP=0.0634  (443.2s)
Epoch 330/500  loss=0.0517  val_AP=0.0635  (412.7s)
Epoch 340/500  loss=0.0516  val_AP=0.0626  (375.7s)
Epoch 350/500  loss=0.0516  val_AP=0.0642  (386.4s)
Epoch 360/500  loss=0.0517  val_AP=0.0643  (426.5s)
Epoch 370/500  loss=0.0517  val_AP=0.0639  (425.2s)
Epoch 380/500  loss=0.0516  val_AP=0.0640  (430.7s)
Epoch 390/500  loss=0.0517  val_AP=0.0632  (437.2s)
Epoch 400/500  loss=0.0516  val_AP=0.0639  (393.0s)
Epoch 410/500  loss=0.0516  val_AP=0.0645  (398.6s)
Epoch 420/500  loss=0.0516  val_AP=0.0637  (383.6s)
Epoch 430/500  loss=0.0516  val_AP=0.0640  (357.2s)
Epoch 440/500  loss=0.0516  val_AP=0.0640  (362.2s)
Epoch 450/500  loss=0.0516  val_AP=0.0643  (307.7s)
Epoch 460/500  loss=0.0516  val_AP=0.0642  (423.0s)
Epoch 470/500  loss=0.0516  val_AP=0.0643  (349.8s)
Epoch 480/500  loss=0.0516  val_AP=0.0642  (366.1s)
Epoch 490/500  loss=0.0516  val_AP=0.0643  (393.2s)
Epoch 500/500  loss=0.0516  val_AP=0.0641  (386.7s)

Best epoch: 154
Final val ap: 0.0649
Final test ap: 0.0638
Results saved to results/matched_compute_k16/gin/oap_k16_h16_s0
