/home/snirhordan/miniconda3/envs/schnet-angle/lib/python3.10/site-packages/outdated/__init__.py:36: UserWarning: pkg_resources is deprecated as an API. See https://setuptools.pypa.io/en/latest/pkg_resources.html. The pkg_resources package is slated for removal as early as 2025-11-30. Refrain from using this package or pin to Setuptools<81.
  from pkg_resources import parse_version
Device: cuda
Loading ogbg-molpcba with map canonicalization (k=16)...
  Train: 350343 graphs
  Valid: 43793 graphs
  Test:  43793 graphs
  Tasks: 128
Model parameters: 2,979,968
Epoch   1/500  loss=0.0538  val_AP=0.0658  (478.1s)
Epoch  10/500  loss=0.0429  val_AP=0.1696  (525.3s)
Epoch  20/500  loss=0.0406  val_AP=0.1904  (418.6s)
Epoch  30/500  loss=0.0394  val_AP=0.2012  (392.1s)
Epoch  40/500  loss=0.0386  val_AP=0.2234  (410.5s)
Epoch  50/500  loss=0.0380  val_AP=0.2181  (407.8s)
Epoch  60/500  loss=0.0375  val_AP=0.2275  (328.2s)
Epoch  70/500  loss=0.0372  val_AP=0.2295  (395.6s)
Epoch  80/500  loss=0.0368  val_AP=0.2319  (401.3s)
Epoch  90/500  loss=0.0365  val_AP=0.2394  (423.5s)
Epoch 100/500  loss=0.0363  val_AP=0.2350  (359.1s)
Epoch 110/500  loss=0.0361  val_AP=0.2347  (331.9s)
Epoch 120/500  loss=0.0359  val_AP=0.2381  (430.7s)
Epoch 130/500  loss=0.0356  val_AP=0.2433  (422.6s)
Epoch 140/500  loss=0.0354  val_AP=0.2411  (408.1s)
Epoch 150/500  loss=0.0352  val_AP=0.2415  (412.9s)
Epoch 160/500  loss=0.0351  val_AP=0.2440  (387.9s)
Epoch 170/500  loss=0.0349  val_AP=0.2434  (372.2s)
Epoch 180/500  loss=0.0347  val_AP=0.2439  (399.2s)
Epoch 190/500  loss=0.0345  val_AP=0.2464  (348.2s)
Epoch 200/500  loss=0.0344  val_AP=0.2465  (437.2s)
Epoch 210/500  loss=0.0342  val_AP=0.2464  (425.5s)
Epoch 220/500  loss=0.0341  val_AP=0.2525  (430.6s)
Epoch 230/500  loss=0.0339  val_AP=0.2480  (398.7s)
Epoch 240/500  loss=0.0338  val_AP=0.2474  (414.3s)
Epoch 250/500  loss=0.0336  val_AP=0.2486  (445.3s)
Epoch 260/500  loss=0.0335  val_AP=0.2487  (421.5s)
Epoch 270/500  loss=0.0333  val_AP=0.2482  (430.8s)
Epoch 280/500  loss=0.0332  val_AP=0.2489  (407.1s)
Epoch 290/500  loss=0.0331  val_AP=0.2508  (409.9s)
Epoch 300/500  loss=0.0329  val_AP=0.2506  (385.2s)
Epoch 310/500  loss=0.0328  val_AP=0.2511  (423.1s)
Epoch 320/500  loss=0.0327  val_AP=0.2503  (421.6s)
Epoch 330/500  loss=0.0326  val_AP=0.2508  (397.6s)
Epoch 340/500  loss=0.0325  val_AP=0.2508  (415.0s)
Epoch 350/500  loss=0.0324  val_AP=0.2496  (394.5s)
Epoch 360/500  loss=0.0323  val_AP=0.2500  (452.4s)
Epoch 370/500  loss=0.0322  val_AP=0.2507  (418.2s)
Epoch 380/500  loss=0.0321  val_AP=0.2508  (416.4s)
Epoch 390/500  loss=0.0321  val_AP=0.2529  (397.0s)
Epoch 400/500  loss=0.0320  val_AP=0.2509  (404.6s)
Epoch 410/500  loss=0.0319  val_AP=0.2513  (382.1s)
Epoch 420/500  loss=0.0319  val_AP=0.2521  (457.1s)
Epoch 430/500  loss=0.0318  val_AP=0.2531  (360.6s)
Epoch 440/500  loss=0.0318  val_AP=0.2517  (390.4s)
Epoch 450/500  loss=0.0317  val_AP=0.2518  (358.2s)
Epoch 460/500  loss=0.0318  val_AP=0.2518  (424.3s)
Epoch 470/500  loss=0.0318  val_AP=0.2525  (405.2s)
Epoch 480/500  loss=0.0317  val_AP=0.2525  (460.4s)
Epoch 490/500  loss=0.0317  val_AP=0.2527  (424.3s)
Epoch 500/500  loss=0.0317  val_AP=0.2531  (285.1s)

Best epoch: 342
Final val ap: 0.2543
Final test ap: 0.2446
Results saved to results/matched_compute_k16/gin/map_k16_h512_s0
