/home/snirhordan/miniconda3/envs/schnet-angle/lib/python3.10/site-packages/outdated/__init__.py:36: UserWarning: pkg_resources is deprecated as an API. See https://setuptools.pypa.io/en/latest/pkg_resources.html. The pkg_resources package is slated for removal as early as 2025-11-30. Refrain from using this package or pin to Setuptools<81.
  from pkg_resources import parse_version
Device: cuda
Loading ogbg-molpcba with map canonicalization (k=3)...
  Train: 350343 graphs
  Valid: 43793 graphs
  Test:  43793 graphs
  Tasks: 128
Model parameters: 202,752
Epoch   1/200  loss=0.0564  val_AP=0.0551  (504.3s)
Epoch  10/200  loss=0.0459  val_AP=0.1234  (470.5s)
Epoch  20/200  loss=0.0445  val_AP=0.1557  (322.7s)
Epoch  30/200  loss=0.0439  val_AP=0.1583  (453.8s)
Epoch  40/200  loss=0.0434  val_AP=0.1629  (455.6s)
Epoch  50/200  loss=0.0432  val_AP=0.1661  (414.3s)
Epoch  60/200  loss=0.0429  val_AP=0.1687  (430.0s)
Early stopping at epoch 60 (patience=15)

Best epoch: 45
Final val ap: 0.1742
Final test ap: 0.1637
Results saved to results/test_time_averaging_augmented/gin/map_k3_h128_s1
