/home/snirhordan/miniconda3/envs/schnet-angle/lib/python3.10/site-packages/outdated/__init__.py:36: UserWarning: pkg_resources is deprecated as an API. See https://setuptools.pypa.io/en/latest/pkg_resources.html. The pkg_resources package is slated for removal as early as 2025-11-30. Refrain from using this package or pin to Setuptools<81.
  from pkg_resources import parse_version
Device: cuda
Loading ogbg-molpcba with random_augmented canonicalization (k=8)...
  Train: 350343 graphs
  Valid: 43793 graphs
  Test:  43793 graphs
  Tasks: 128
Model parameters: 2,975,872
Epoch   1/200  loss=0.0537  val_AP=0.0707  (660.3s)
Epoch  10/200  loss=0.0430  val_AP=0.1564  (462.9s)
Epoch  20/200  loss=0.0408  val_AP=0.1826  (562.4s)
Epoch  30/200  loss=0.0395  val_AP=0.2044  (508.4s)
Epoch  40/200  loss=0.0387  val_AP=0.2265  (459.6s)
Epoch  50/200  loss=0.0381  val_AP=0.2256  (476.0s)
Epoch  60/200  loss=0.0375  val_AP=0.2334  (465.3s)
Epoch  70/200  loss=0.0370  val_AP=0.2461  (391.4s)
Epoch  80/200  loss=0.0366  val_AP=0.2466  (413.0s)
Early stopping at epoch 86 (patience=15)

Best epoch: 71
Final val ap: 0.2469
Final test ap: 0.2235
Final test ap (aug-avg K=16): 0.2238
Results saved to results/test_time_averaging_augmented_k8/gin/random_augmented_k8_h512_s2
