/home/snirhordan/miniconda3/envs/schnet-angle/lib/python3.10/site-packages/outdated/__init__.py:36: UserWarning: pkg_resources is deprecated as an API. See https://setuptools.pypa.io/en/latest/pkg_resources.html. The pkg_resources package is slated for removal as early as 2025-11-30. Refrain from using this package or pin to Setuptools<81.
  from pkg_resources import parse_version
Device: cuda
Loading ogbg-molpcba with map canonicalization (k=8)...
  Train: 350343 graphs
  Valid: 43793 graphs
  Test:  43793 graphs
  Tasks: 128
Model parameters: 2,975,872
Epoch   1/200  loss=0.0538  val_AP=0.0583  (492.4s)
Epoch  10/200  loss=0.0427  val_AP=0.1624  (366.6s)
Epoch  20/200  loss=0.0405  val_AP=0.2011  (408.2s)
Epoch  30/200  loss=0.0392  val_AP=0.2155  (362.0s)
Epoch  40/200  loss=0.0384  val_AP=0.2146  (325.7s)
Epoch  50/200  loss=0.0377  val_AP=0.2296  (352.2s)
Epoch  60/200  loss=0.0371  val_AP=0.2344  (453.1s)
Epoch  70/200  loss=0.0366  val_AP=0.2362  (359.2s)
Epoch  80/200  loss=0.0362  val_AP=0.2405  (353.9s)
Early stopping at epoch 86 (patience=15)

Best epoch: 71
Final val ap: 0.2477
Final test ap: 0.2255
Results saved to results/test_time_averaging_augmented_k8/gin/map_k8_h512_s0
