/home/snirhordan/miniconda3/envs/schnet-angle/lib/python3.10/site-packages/outdated/__init__.py:36: UserWarning: pkg_resources is deprecated as an API. See https://setuptools.pypa.io/en/latest/pkg_resources.html. The pkg_resources package is slated for removal as early as 2025-11-30. Refrain from using this package or pin to Setuptools<81.
  from pkg_resources import parse_version
Device: cuda
Loading ogbg-molpcba with random_augmented canonicalization (k=3)...
  Train: 350343 graphs
  Valid: 43793 graphs
  Test:  43793 graphs
  Tasks: 128
Model parameters: 5,744
Epoch   1/200  loss=0.0717  val_AP=0.0400  (541.8s)
Epoch  10/200  loss=0.0527  val_AP=0.0548  (509.5s)
Epoch  20/200  loss=0.0524  val_AP=0.0574  (424.5s)
Epoch  30/200  loss=0.0523  val_AP=0.0582  (383.9s)
Epoch  40/200  loss=0.0522  val_AP=0.0601  (358.3s)
Epoch  50/200  loss=0.0521  val_AP=0.0606  (501.1s)
Epoch  60/200  loss=0.0521  val_AP=0.0613  (457.3s)
Epoch  70/200  loss=0.0521  val_AP=0.0612  (437.6s)
Epoch  80/200  loss=0.0520  val_AP=0.0614  (491.7s)
Epoch  90/200  loss=0.0520  val_AP=0.0630  (414.1s)
Epoch 100/200  loss=0.0520  val_AP=0.0605  (461.1s)
Early stopping at epoch 105 (patience=15)

Best epoch: 90
Final val ap: 0.0630
Final test ap: 0.0646
Final test ap (aug-avg K=8): 0.0646
Results saved to results/test_time_averaging_augmented/gin/random_augmented_k3_h16_s0
