/home/snirhordan/miniconda3/envs/schnet-angle/lib/python3.10/site-packages/outdated/__init__.py:36: UserWarning: pkg_resources is deprecated as an API. See https://setuptools.pypa.io/en/latest/pkg_resources.html. The pkg_resources package is slated for removal as early as 2025-11-30. Refrain from using this package or pin to Setuptools<81.
  from pkg_resources import parse_version
Device: cuda
Loading ogbg-molpcba with oap canonicalization (k=8)...
  Train: 350343 graphs
  Valid: 43793 graphs
  Test:  43793 graphs
  Tasks: 128
Model parameters: 5,824
Epoch   1/200  loss=0.0715  val_AP=0.0411  (432.5s)
Epoch  10/200  loss=0.0528  val_AP=0.0514  (329.5s)
Epoch  20/200  loss=0.0526  val_AP=0.0526  (389.6s)
Epoch  30/200  loss=0.0524  val_AP=0.0555  (369.1s)
Epoch  40/200  loss=0.0523  val_AP=0.0562  (409.1s)
Epoch  50/200  loss=0.0523  val_AP=0.0581  (281.4s)
Epoch  60/200  loss=0.0522  val_AP=0.0596  (411.0s)
Epoch  70/200  loss=0.0521  val_AP=0.0598  (450.1s)
Epoch  80/200  loss=0.0521  val_AP=0.0577  (380.2s)
Epoch  90/200  loss=0.0521  val_AP=0.0589  (382.6s)
Early stopping at epoch 90 (patience=15)

Best epoch: 75
Final val ap: 0.0620
Final test ap: 0.0621
Results saved to results/test_time_averaging_augmented_k8/gin/oap_k8_h16_s0
