/home/snirhordan/miniconda3/envs/schnet-angle/lib/python3.10/site-packages/outdated/__init__.py:36: UserWarning: pkg_resources is deprecated as an API. See https://setuptools.pypa.io/en/latest/pkg_resources.html. The pkg_resources package is slated for removal as early as 2025-11-30. Refrain from using this package or pin to Setuptools<81.
  from pkg_resources import parse_version
Device: cuda
Loading ogbg-molpcba with map canonicalization (k=3)...
  Train: 350343 graphs
  Valid: 43793 graphs
  Test:  43793 graphs
  Tasks: 128
Model parameters: 2,973,312
Epoch   1/200  loss=0.0541  val_AP=0.0726  (484.4s)
Epoch  10/200  loss=0.0427  val_AP=0.1648  (397.0s)
Epoch  20/200  loss=0.0405  val_AP=0.1914  (400.8s)
Epoch  30/200  loss=0.0392  val_AP=0.2144  (446.0s)
Epoch  40/200  loss=0.0385  val_AP=0.2222  (437.8s)
Epoch  50/200  loss=0.0378  val_AP=0.2284  (409.8s)
Epoch  60/200  loss=0.0373  val_AP=0.2367  (473.7s)
Epoch  70/200  loss=0.0367  val_AP=0.2447  (450.2s)
Epoch  80/200  loss=0.0364  val_AP=0.2397  (431.3s)
Early stopping at epoch 86 (patience=15)

Best epoch: 71
Final val ap: 0.2453
Final test ap: 0.2257
Results saved to results/test_time_averaging_augmented/gin/map_k3_h512_s0
