/home/snirhordan/miniconda3/envs/schnet-angle/lib/python3.10/site-packages/outdated/__init__.py:36: UserWarning: pkg_resources is deprecated as an API. See https://setuptools.pypa.io/en/latest/pkg_resources.html. The pkg_resources package is slated for removal as early as 2025-11-30. Refrain from using this package or pin to Setuptools<81.
  from pkg_resources import parse_version
Device: cuda
Loading ogbg-molpcba with oap canonicalization (k=3)...
  Train: 350343 graphs
  Valid: 43793 graphs
  Test:  43793 graphs
  Tasks: 128
Model parameters: 2,973,312
Epoch   1/200  loss=0.0542  val_AP=0.0689  (490.2s)
Epoch  10/200  loss=0.0428  val_AP=0.1593  (467.9s)
Epoch  20/200  loss=0.0406  val_AP=0.1916  (329.7s)
Epoch  30/200  loss=0.0394  val_AP=0.2099  (267.7s)
Epoch  40/200  loss=0.0385  val_AP=0.2233  (241.6s)
Epoch  50/200  loss=0.0378  val_AP=0.2215  (242.6s)
Epoch  60/200  loss=0.0373  val_AP=0.2325  (211.2s)
Epoch  70/200  loss=0.0367  val_AP=0.2408  (211.4s)
Epoch  80/200  loss=0.0363  val_AP=0.2374  (267.0s)
Epoch  90/200  loss=0.0358  val_AP=0.2382  (267.4s)
Epoch 100/200  loss=0.0355  val_AP=0.2502  (277.1s)
Epoch 110/200  loss=0.0351  val_AP=0.2552  (248.9s)
Epoch 120/200  loss=0.0348  val_AP=0.2552  (242.5s)
Epoch 130/200  loss=0.0345  val_AP=0.2560  (248.3s)
Epoch 140/200  loss=0.0342  val_AP=0.2579  (241.7s)
Epoch 150/200  loss=0.0340  val_AP=0.2605  (244.3s)
Early stopping at epoch 158 (patience=15)

Best epoch: 143
Final val ap: 0.2613
Final test ap: 0.2456
Results saved to results/test_time_averaging_augmented/gin/oap_k3_h512_s1
