/home/snirhordan/miniconda3/envs/schnet-angle/lib/python3.10/site-packages/outdated/__init__.py:36: UserWarning: pkg_resources is deprecated as an API. See https://setuptools.pypa.io/en/latest/pkg_resources.html. The pkg_resources package is slated for removal as early as 2025-11-30. Refrain from using this package or pin to Setuptools<81.
  from pkg_resources import parse_version
Device: cuda
Loading ogbg-molpcba with map canonicalization (k=16)...
  Train: 350343 graphs
  Valid: 43793 graphs
  Test:  43793 graphs
  Tasks: 128
Model parameters: 2,979,968
Epoch   1/500  loss=0.0541  val_AP=0.0700  (478.3s)
Epoch  10/500  loss=0.0430  val_AP=0.1595  (361.1s)
Epoch  20/500  loss=0.0407  val_AP=0.1893  (353.3s)
Epoch  30/500  loss=0.0395  val_AP=0.2069  (417.1s)
Epoch  40/500  loss=0.0387  val_AP=0.2035  (377.8s)
Epoch  50/500  loss=0.0380  val_AP=0.2192  (421.6s)
Epoch  60/500  loss=0.0376  val_AP=0.2280  (404.3s)
Epoch  70/500  loss=0.0373  val_AP=0.2305  (464.8s)
Epoch  80/500  loss=0.0369  val_AP=0.2324  (417.4s)
Epoch  90/500  loss=0.0366  val_AP=0.2383  (427.2s)
Epoch 100/500  loss=0.0364  val_AP=0.2391  (370.2s)
Epoch 110/500  loss=0.0362  val_AP=0.2421  (388.8s)
Epoch 120/500  loss=0.0359  val_AP=0.2385  (391.1s)
Epoch 130/500  loss=0.0357  val_AP=0.2397  (386.3s)
Epoch 140/500  loss=0.0355  val_AP=0.2416  (414.5s)
Epoch 150/500  loss=0.0354  val_AP=0.2472  (366.9s)
Epoch 160/500  loss=0.0351  val_AP=0.2530  (402.8s)
Epoch 170/500  loss=0.0349  val_AP=0.2525  (366.0s)
Epoch 180/500  loss=0.0348  val_AP=0.2532  (382.1s)
Epoch 190/500  loss=0.0346  val_AP=0.2530  (401.0s)
Epoch 200/500  loss=0.0345  val_AP=0.2541  (411.1s)
Epoch 210/500  loss=0.0344  val_AP=0.2464  (378.0s)
Epoch 220/500  loss=0.0342  val_AP=0.2539  (413.6s)
Epoch 230/500  loss=0.0340  val_AP=0.2564  (411.6s)
Epoch 240/500  loss=0.0339  val_AP=0.2563  (429.1s)
Epoch 250/500  loss=0.0338  val_AP=0.2584  (423.6s)
Epoch 260/500  loss=0.0336  val_AP=0.2573  (424.9s)
Epoch 270/500  loss=0.0334  val_AP=0.2579  (431.5s)
Epoch 280/500  loss=0.0333  val_AP=0.2561  (435.2s)
Epoch 290/500  loss=0.0331  val_AP=0.2604  (420.7s)
Epoch 300/500  loss=0.0330  val_AP=0.2576  (405.0s)
Epoch 310/500  loss=0.0329  val_AP=0.2596  (434.3s)
Epoch 320/500  loss=0.0327  val_AP=0.2599  (418.4s)
Epoch 330/500  loss=0.0326  val_AP=0.2610  (399.6s)
Epoch 340/500  loss=0.0325  val_AP=0.2578  (430.0s)
Epoch 350/500  loss=0.0324  val_AP=0.2613  (459.6s)
Epoch 360/500  loss=0.0323  val_AP=0.2619  (395.5s)
Epoch 370/500  loss=0.0323  val_AP=0.2611  (397.4s)
Epoch 380/500  loss=0.0321  val_AP=0.2601  (393.4s)
Epoch 390/500  loss=0.0321  val_AP=0.2554  (435.9s)
Epoch 400/500  loss=0.0320  val_AP=0.2632  (462.5s)
Epoch 410/500  loss=0.0319  val_AP=0.2611  (445.8s)
Epoch 420/500  loss=0.0319  val_AP=0.2546  (392.7s)
Epoch 430/500  loss=0.0319  val_AP=0.2591  (380.1s)
Epoch 440/500  loss=0.0318  val_AP=0.2608  (423.4s)
Epoch 450/500  loss=0.0318  val_AP=0.2586  (431.2s)
Epoch 460/500  loss=0.0318  val_AP=0.2625  (399.4s)
Epoch 470/500  loss=0.0318  val_AP=0.2626  (409.7s)
Epoch 480/500  loss=0.0317  val_AP=0.2642  (414.3s)
Epoch 490/500  loss=0.0317  val_AP=0.2635  (417.3s)
Epoch 500/500  loss=0.0317  val_AP=0.2578  (259.2s)

Best epoch: 480
Final val ap: 0.2642
Final test ap: 0.2471
Results saved to results/matched_compute_k16/gin/map_k16_h512_s2
