/home/snirhordan/miniconda3/envs/schnet-angle/lib/python3.10/site-packages/outdated/__init__.py:36: UserWarning: pkg_resources is deprecated as an API. See https://setuptools.pypa.io/en/latest/pkg_resources.html. The pkg_resources package is slated for removal as early as 2025-11-30. Refrain from using this package or pin to Setuptools<81.
  from pkg_resources import parse_version
Device: cuda
Loading ogbg-molpcba with map canonicalization (k=3)...
  Train: 350343 graphs
  Valid: 43793 graphs
  Test:  43793 graphs
  Tasks: 128
Model parameters: 2,973,312
Epoch   1/200  loss=0.0541  val_AP=0.0789  (496.9s)
Epoch  10/200  loss=0.0428  val_AP=0.1632  (451.1s)
Epoch  20/200  loss=0.0406  val_AP=0.1908  (496.9s)
Epoch  30/200  loss=0.0394  val_AP=0.2039  (457.5s)
Epoch  40/200  loss=0.0385  val_AP=0.2178  (440.5s)
Epoch  50/200  loss=0.0379  val_AP=0.2264  (432.4s)
Epoch  60/200  loss=0.0373  val_AP=0.2279  (398.6s)
Epoch  70/200  loss=0.0368  val_AP=0.2309  (495.9s)
Epoch  80/200  loss=0.0363  val_AP=0.2368  (432.3s)
Epoch  90/200  loss=0.0358  val_AP=0.2426  (352.3s)
Epoch 100/200  loss=0.0355  val_AP=0.2448  (286.5s)
Epoch 110/200  loss=0.0351  val_AP=0.2514  (280.2s)
Epoch 120/200  loss=0.0348  val_AP=0.2473  (280.4s)
Epoch 130/200  loss=0.0345  val_AP=0.2504  (269.3s)
Epoch 140/200  loss=0.0342  val_AP=0.2534  (296.6s)
Epoch 150/200  loss=0.0340  val_AP=0.2536  (304.4s)
Early stopping at epoch 158 (patience=15)

Best epoch: 143
Final val ap: 0.2589
Final test ap: 0.2455
Results saved to results/test_time_averaging_augmented/gin/map_k3_h512_s2
