/home/snirhordan/miniconda3/envs/schnet-angle/lib/python3.10/site-packages/outdated/__init__.py:36: UserWarning: pkg_resources is deprecated as an API. See https://setuptools.pypa.io/en/latest/pkg_resources.html. The pkg_resources package is slated for removal as early as 2025-11-30. Refrain from using this package or pin to Setuptools<81.
  from pkg_resources import parse_version
Device: cuda
Loading ogbg-molpcba with oap canonicalization (k=3)...
  Train: 350343 graphs
  Valid: 43793 graphs
  Test:  43793 graphs
  Tasks: 128
Model parameters: 5,744
Epoch   1/200  loss=0.0716  val_AP=0.0386  (452.7s)
Epoch  10/200  loss=0.0526  val_AP=0.0541  (366.8s)
Epoch  20/200  loss=0.0524  val_AP=0.0557  (440.3s)
Epoch  30/200  loss=0.0523  val_AP=0.0568  (419.9s)
Epoch  40/200  loss=0.0522  val_AP=0.0597  (383.2s)
Epoch  50/200  loss=0.0522  val_AP=0.0613  (456.3s)
Epoch  60/200  loss=0.0521  val_AP=0.0648  (373.2s)
Epoch  70/200  loss=0.0521  val_AP=0.0657  (438.0s)
Epoch  80/200  loss=0.0521  val_AP=0.0659  (372.2s)
Early stopping at epoch 88 (patience=15)

Best epoch: 73
Final val ap: 0.0671
Final test ap: 0.0661
Results saved to results/test_time_averaging_augmented/gin/oap_k3_h16_s0
