/home/snirhordan/miniconda3/envs/schnet-angle/lib/python3.10/site-packages/outdated/__init__.py:36: UserWarning: pkg_resources is deprecated as an API. See https://setuptools.pypa.io/en/latest/pkg_resources.html. The pkg_resources package is slated for removal as early as 2025-11-30. Refrain from using this package or pin to Setuptools<81.
  from pkg_resources import parse_version
Device: cuda
Loading ogbg-molpcba with map canonicalization (k=16)...
  Train: 350343 graphs
  Valid: 43793 graphs
  Test:  43793 graphs
  Tasks: 128
Model parameters: 204,416
Epoch   1/500  loss=0.0565  val_AP=0.0601  (486.5s)
Epoch  10/500  loss=0.0462  val_AP=0.1287  (294.2s)
Epoch  20/500  loss=0.0448  val_AP=0.1452  (361.4s)
Epoch  30/500  loss=0.0441  val_AP=0.1548  (401.8s)
Epoch  40/500  loss=0.0437  val_AP=0.1585  (368.3s)
Epoch  50/500  loss=0.0434  val_AP=0.1693  (411.4s)
Epoch  60/500  loss=0.0431  val_AP=0.1695  (379.5s)
Epoch  70/500  loss=0.0430  val_AP=0.1738  (372.6s)
Epoch  80/500  loss=0.0429  val_AP=0.1781  (420.8s)
Epoch  90/500  loss=0.0428  val_AP=0.1778  (400.4s)
Epoch 100/500  loss=0.0426  val_AP=0.1780  (395.6s)
Epoch 110/500  loss=0.0426  val_AP=0.1820  (409.6s)
Epoch 120/500  loss=0.0424  val_AP=0.1816  (400.1s)
Epoch 130/500  loss=0.0424  val_AP=0.1834  (404.6s)
Epoch 140/500  loss=0.0423  val_AP=0.1825  (340.3s)
Epoch 150/500  loss=0.0422  val_AP=0.1833  (322.4s)
Epoch 160/500  loss=0.0422  val_AP=0.1837  (325.2s)
Epoch 170/500  loss=0.0422  val_AP=0.1828  (445.2s)
Epoch 180/500  loss=0.0421  val_AP=0.1855  (350.3s)
Epoch 190/500  loss=0.0420  val_AP=0.1852  (372.9s)
Epoch 200/500  loss=0.0419  val_AP=0.1865  (371.2s)
Epoch 210/500  loss=0.0419  val_AP=0.1871  (366.1s)
Epoch 220/500  loss=0.0419  val_AP=0.1861  (437.0s)
Epoch 230/500  loss=0.0418  val_AP=0.1870  (368.3s)
Epoch 240/500  loss=0.0417  val_AP=0.1883  (416.3s)
Epoch 250/500  loss=0.0417  val_AP=0.1881  (436.9s)
Epoch 260/500  loss=0.0416  val_AP=0.1903  (403.9s)
Epoch 270/500  loss=0.0416  val_AP=0.1900  (415.4s)
Epoch 280/500  loss=0.0415  val_AP=0.1882  (381.4s)
Epoch 290/500  loss=0.0415  val_AP=0.1899  (435.8s)
Epoch 300/500  loss=0.0414  val_AP=0.1898  (410.7s)
Epoch 310/500  loss=0.0413  val_AP=0.1891  (403.1s)
Epoch 320/500  loss=0.0413  val_AP=0.1914  (373.3s)
Epoch 330/500  loss=0.0412  val_AP=0.1906  (429.1s)
Epoch 340/500  loss=0.0412  val_AP=0.1914  (394.6s)
Epoch 350/500  loss=0.0412  val_AP=0.1922  (408.7s)
Epoch 360/500  loss=0.0412  val_AP=0.1913  (404.1s)
Epoch 370/500  loss=0.0411  val_AP=0.1916  (481.0s)
Epoch 380/500  loss=0.0411  val_AP=0.1924  (358.7s)
Epoch 390/500  loss=0.0411  val_AP=0.1930  (445.3s)
Epoch 400/500  loss=0.0410  val_AP=0.1917  (405.1s)
Epoch 410/500  loss=0.0410  val_AP=0.1919  (397.9s)
Epoch 420/500  loss=0.0409  val_AP=0.1923  (419.1s)
Epoch 430/500  loss=0.0410  val_AP=0.1917  (379.3s)
Epoch 440/500  loss=0.0409  val_AP=0.1917  (423.7s)
Epoch 450/500  loss=0.0410  val_AP=0.1924  (388.0s)
Epoch 460/500  loss=0.0409  val_AP=0.1926  (369.3s)
Epoch 470/500  loss=0.0409  val_AP=0.1927  (375.7s)
Epoch 480/500  loss=0.0409  val_AP=0.1933  (368.3s)
Epoch 490/500  loss=0.0409  val_AP=0.1938  (447.1s)
Epoch 500/500  loss=0.0409  val_AP=0.1931  (403.9s)

Best epoch: 342
Final val ap: 0.1942
Final test ap: 0.1926
Results saved to results/matched_compute_k16/gin/map_k16_h128_s2
