/home/snirhordan/miniconda3/envs/schnet-angle/lib/python3.10/site-packages/outdated/__init__.py:36: UserWarning: pkg_resources is deprecated as an API. See https://setuptools.pypa.io/en/latest/pkg_resources.html. The pkg_resources package is slated for removal as early as 2025-11-30. Refrain from using this package or pin to Setuptools<81.
  from pkg_resources import parse_version
Device: cuda
Loading ogbg-molpcba with oap canonicalization (k=3)...
  Train: 350343 graphs
  Valid: 43793 graphs
  Test:  43793 graphs
  Tasks: 128
Model parameters: 202,752
Epoch   1/200  loss=0.0564  val_AP=0.0605  (557.2s)
Epoch  10/200  loss=0.0460  val_AP=0.1260  (404.9s)
Epoch  20/200  loss=0.0445  val_AP=0.1461  (426.2s)
Epoch  30/200  loss=0.0439  val_AP=0.1591  (451.6s)
Epoch  40/200  loss=0.0436  val_AP=0.1668  (538.4s)
Epoch  50/200  loss=0.0432  val_AP=0.1663  (417.7s)
Early stopping at epoch 53 (patience=15)

Best epoch: 38
Final val ap: 0.1682
Final test ap: 0.1595
Results saved to results/test_time_averaging_augmented/gin/oap_k3_h128_s1
