/home/snirhordan/miniconda3/envs/schnet-angle/lib/python3.10/site-packages/outdated/__init__.py:36: UserWarning: pkg_resources is deprecated as an API. See https://setuptools.pypa.io/en/latest/pkg_resources.html. The pkg_resources package is slated for removal as early as 2025-11-30. Refrain from using this package or pin to Setuptools<81.
  from pkg_resources import parse_version
Device: cuda
Loading ogbg-molpcba with map canonicalization (k=3)...
  Train: 350343 graphs
  Valid: 43793 graphs
  Test:  43793 graphs
  Tasks: 128
Model parameters: 2,973,312
Epoch   1/200  loss=0.0543  val_AP=0.0659  (442.7s)
Epoch  10/200  loss=0.0427  val_AP=0.1648  (359.5s)
Epoch  20/200  loss=0.0405  val_AP=0.1920  (378.2s)
Epoch  30/200  loss=0.0393  val_AP=0.2078  (410.3s)
Epoch  40/200  loss=0.0384  val_AP=0.2173  (448.5s)
Epoch  50/200  loss=0.0377  val_AP=0.2259  (464.8s)
Epoch  60/200  loss=0.0372  val_AP=0.2332  (392.4s)
Epoch  70/200  loss=0.0367  val_AP=0.2353  (421.1s)
Epoch  80/200  loss=0.0362  val_AP=0.2407  (394.1s)
Epoch  90/200  loss=0.0357  val_AP=0.2411  (385.0s)
Epoch 100/200  loss=0.0354  val_AP=0.2486  (317.7s)
Epoch 110/200  loss=0.0350  val_AP=0.2570  (297.8s)
Epoch 120/200  loss=0.0347  val_AP=0.2582  (241.1s)
Epoch 130/200  loss=0.0344  val_AP=0.2586  (244.3s)
Epoch 140/200  loss=0.0341  val_AP=0.2607  (212.3s)
Epoch 150/200  loss=0.0339  val_AP=0.2619  (213.0s)
Epoch 160/200  loss=0.0337  val_AP=0.2628  (266.5s)
Epoch 170/200  loss=0.0336  val_AP=0.2647  (263.4s)
Epoch 180/200  loss=0.0334  val_AP=0.2648  (275.9s)
Early stopping at epoch 186 (patience=15)

Best epoch: 171
Final val ap: 0.2655
Final test ap: 0.2479
Results saved to results/test_time_averaging_augmented/gin/map_k3_h512_s1
