/home/snirhordan/miniconda3/envs/schnet-angle/lib/python3.10/site-packages/outdated/__init__.py:36: UserWarning: pkg_resources is deprecated as an API. See https://setuptools.pypa.io/en/latest/pkg_resources.html. The pkg_resources package is slated for removal as early as 2025-11-30. Refrain from using this package or pin to Setuptools<81.
  from pkg_resources import parse_version
Device: cuda
Loading ogbg-molpcba with map canonicalization (k=8)...
  Train: 350343 graphs
  Valid: 43793 graphs
  Test:  43793 graphs
  Tasks: 128
Model parameters: 5,824
Epoch   1/200  loss=0.0716  val_AP=0.0400  (397.0s)
Epoch  10/200  loss=0.0528  val_AP=0.0519  (365.9s)
Epoch  20/200  loss=0.0525  val_AP=0.0585  (379.7s)
Epoch  30/200  loss=0.0524  val_AP=0.0596  (370.3s)
Epoch  40/200  loss=0.0523  val_AP=0.0586  (366.3s)
Epoch  50/200  loss=0.0523  val_AP=0.0611  (405.7s)
Epoch  60/200  loss=0.0522  val_AP=0.0624  (379.8s)
Epoch  70/200  loss=0.0522  val_AP=0.0623  (357.8s)
Epoch  80/200  loss=0.0522  val_AP=0.0609  (367.4s)
Early stopping at epoch 83 (patience=15)

Best epoch: 68
Final val ap: 0.0625
Final test ap: 0.0617
Results saved to results/test_time_averaging_augmented_k8/gin/map_k8_h16_s0
