/home/snirhordan/miniconda3/envs/schnet-angle/lib/python3.10/site-packages/outdated/__init__.py:36: UserWarning: pkg_resources is deprecated as an API. See https://setuptools.pypa.io/en/latest/pkg_resources.html. The pkg_resources package is slated for removal as early as 2025-11-30. Refrain from using this package or pin to Setuptools<81.
  from pkg_resources import parse_version
Device: cuda
Loading ogbg-molpcba with map canonicalization (k=16)...
  Train: 350343 graphs
  Valid: 43793 graphs
  Test:  43793 graphs
  Tasks: 128
Model parameters: 2,979,968
Epoch   1/500  loss=0.0541  val_AP=0.0619  (465.9s)
Epoch  10/500  loss=0.0430  val_AP=0.1523  (420.8s)
Epoch  20/500  loss=0.0408  val_AP=0.1909  (400.8s)
Epoch  30/500  loss=0.0395  val_AP=0.2086  (407.8s)
Epoch  40/500  loss=0.0387  val_AP=0.2163  (415.0s)
Epoch  50/500  loss=0.0381  val_AP=0.2189  (402.9s)
Epoch  60/500  loss=0.0376  val_AP=0.2381  (380.8s)
Epoch  70/500  loss=0.0373  val_AP=0.2363  (354.5s)
Epoch  80/500  loss=0.0369  val_AP=0.2316  (399.8s)
Epoch  90/500  loss=0.0366  val_AP=0.2354  (371.1s)
Epoch 100/500  loss=0.0363  val_AP=0.2482  (384.8s)
Epoch 110/500  loss=0.0361  val_AP=0.2414  (423.3s)
Epoch 120/500  loss=0.0359  val_AP=0.2453  (427.7s)
Epoch 130/500  loss=0.0356  val_AP=0.2433  (384.7s)
Epoch 140/500  loss=0.0355  val_AP=0.2464  (439.3s)
Epoch 150/500  loss=0.0353  val_AP=0.2458  (357.1s)
Epoch 160/500  loss=0.0351  val_AP=0.2473  (356.6s)
Epoch 170/500  loss=0.0349  val_AP=0.2551  (402.7s)
Epoch 180/500  loss=0.0348  val_AP=0.2567  (356.6s)
Epoch 190/500  loss=0.0347  val_AP=0.2524  (392.8s)
Epoch 200/500  loss=0.0345  val_AP=0.2579  (407.4s)
Epoch 210/500  loss=0.0343  val_AP=0.2533  (407.4s)
Epoch 220/500  loss=0.0342  val_AP=0.2591  (458.9s)
Epoch 230/500  loss=0.0340  val_AP=0.2576  (436.4s)
Epoch 240/500  loss=0.0339  val_AP=0.2571  (407.4s)
Epoch 250/500  loss=0.0337  val_AP=0.2579  (415.8s)
Epoch 260/500  loss=0.0336  val_AP=0.2570  (411.7s)
Epoch 270/500  loss=0.0335  val_AP=0.2595  (394.5s)
Epoch 280/500  loss=0.0333  val_AP=0.2561  (346.5s)
Epoch 290/500  loss=0.0332  val_AP=0.2584  (430.7s)
Epoch 300/500  loss=0.0331  val_AP=0.2617  (385.8s)
Epoch 310/500  loss=0.0329  val_AP=0.2571  (431.6s)
Epoch 320/500  loss=0.0329  val_AP=0.2579  (410.5s)
Epoch 330/500  loss=0.0327  val_AP=0.2567  (390.1s)
Epoch 340/500  loss=0.0326  val_AP=0.2624  (375.6s)
Epoch 350/500  loss=0.0325  val_AP=0.2585  (456.0s)
Epoch 360/500  loss=0.0324  val_AP=0.2597  (414.7s)
Epoch 370/500  loss=0.0323  val_AP=0.2597  (416.0s)
Epoch 380/500  loss=0.0322  val_AP=0.2562  (381.0s)
Epoch 390/500  loss=0.0322  val_AP=0.2586  (422.0s)
Epoch 400/500  loss=0.0321  val_AP=0.2634  (399.8s)
Epoch 410/500  loss=0.0320  val_AP=0.2638  (375.4s)
Epoch 420/500  loss=0.0321  val_AP=0.2601  (431.6s)
Epoch 430/500  loss=0.0319  val_AP=0.2645  (408.3s)
Epoch 440/500  loss=0.0319  val_AP=0.2644  (397.0s)
Epoch 450/500  loss=0.0319  val_AP=0.2645  (421.9s)
Epoch 460/500  loss=0.0319  val_AP=0.2652  (380.3s)
Epoch 470/500  loss=0.0318  val_AP=0.2638  (419.3s)
Epoch 480/500  loss=0.0318  val_AP=0.2608  (417.3s)
Epoch 490/500  loss=0.0318  val_AP=0.2617  (406.5s)
Epoch 500/500  loss=0.0318  val_AP=0.2602  (392.4s)

Best epoch: 484
Final val ap: 0.2661
Final test ap: 0.2488
Results saved to results/matched_compute_k16/gin/map_k16_h512_s1
