/home/snirhordan/miniconda3/envs/schnet-angle/lib/python3.10/site-packages/outdated/__init__.py:36: UserWarning: pkg_resources is deprecated as an API. See https://setuptools.pypa.io/en/latest/pkg_resources.html. The pkg_resources package is slated for removal as early as 2025-11-30. Refrain from using this package or pin to Setuptools<81.
  from pkg_resources import parse_version
Device: cuda
Loading ogbg-molpcba with random_augmented canonicalization (k=8)...
  Train: 350343 graphs
  Valid: 43793 graphs
  Test:  43793 graphs
  Tasks: 128
Model parameters: 5,824
Epoch   1/200  loss=0.0719  val_AP=0.0377  (576.3s)
Epoch  10/200  loss=0.0528  val_AP=0.0534  (501.4s)
Epoch  20/200  loss=0.0525  val_AP=0.0544  (479.4s)
Epoch  30/200  loss=0.0523  val_AP=0.0570  (383.2s)
Epoch  40/200  loss=0.0522  val_AP=0.0588  (468.7s)
Epoch  50/200  loss=0.0522  val_AP=0.0588  (425.2s)
Early stopping at epoch 58 (patience=15)

Best epoch: 43
Final val ap: 0.0599
Final test ap: 0.0603
Final test ap (aug-avg K=16): 0.0604
Results saved to results/test_time_averaging_augmented_k8/gin/random_augmented_k8_h16_s2
