/home/snirhordan/miniconda3/envs/schnet-angle/lib/python3.10/site-packages/outdated/__init__.py:36: UserWarning: pkg_resources is deprecated as an API. See https://setuptools.pypa.io/en/latest/pkg_resources.html. The pkg_resources package is slated for removal as early as 2025-11-30. Refrain from using this package or pin to Setuptools<81.
  from pkg_resources import parse_version
Device: cuda
Loading ogbg-molpcba with map canonicalization (k=8)...
  Train: 350343 graphs
  Valid: 43793 graphs
  Test:  43793 graphs
  Tasks: 128
Model parameters: 5,824
Epoch   1/200  loss=0.0719  val_AP=0.0395  (568.7s)
Epoch  10/200  loss=0.0529  val_AP=0.0526  (355.9s)
Epoch  20/200  loss=0.0525  val_AP=0.0519  (350.6s)
Epoch  30/200  loss=0.0524  val_AP=0.0564  (381.7s)
Epoch  40/200  loss=0.0522  val_AP=0.0565  (372.0s)
Epoch  50/200  loss=0.0522  val_AP=0.0583  (386.9s)
Early stopping at epoch 51 (patience=15)

Best epoch: 36
Final val ap: 0.0597
Final test ap: 0.0600
Results saved to results/test_time_averaging_augmented_k8/gin/map_k8_h16_s2
