/home/snirhordan/miniconda3/envs/schnet-angle/lib/python3.10/site-packages/outdated/__init__.py:36: UserWarning: pkg_resources is deprecated as an API. See https://setuptools.pypa.io/en/latest/pkg_resources.html. The pkg_resources package is slated for removal as early as 2025-11-30. Refrain from using this package or pin to Setuptools<81.
  from pkg_resources import parse_version
Device: cuda
Loading ogbg-molpcba with map canonicalization (k=16)...
  Train: 350343 graphs
  Valid: 43793 graphs
  Test:  43793 graphs
  Tasks: 128
Model parameters: 5,952
Epoch   1/500  loss=0.0716  val_AP=0.0393  (508.1s)
Epoch  10/500  loss=0.0528  val_AP=0.0532  (429.3s)
Epoch  20/500  loss=0.0525  val_AP=0.0560  (455.9s)
Epoch  30/500  loss=0.0523  val_AP=0.0578  (412.0s)
Epoch  40/500  loss=0.0522  val_AP=0.0590  (406.6s)
Epoch  50/500  loss=0.0521  val_AP=0.0594  (411.8s)
Epoch  60/500  loss=0.0520  val_AP=0.0618  (370.8s)
Epoch  70/500  loss=0.0520  val_AP=0.0640  (375.3s)
Epoch  80/500  loss=0.0520  val_AP=0.0661  (447.1s)
Epoch  90/500  loss=0.0519  val_AP=0.0652  (426.6s)
Epoch 100/500  loss=0.0519  val_AP=0.0649  (376.5s)
Epoch 110/500  loss=0.0519  val_AP=0.0671  (380.0s)
Epoch 120/500  loss=0.0519  val_AP=0.0656  (371.2s)
Epoch 130/500  loss=0.0518  val_AP=0.0678  (371.5s)
Epoch 140/500  loss=0.0518  val_AP=0.0685  (373.4s)
Epoch 150/500  loss=0.0518  val_AP=0.0681  (360.8s)
Epoch 160/500  loss=0.0518  val_AP=0.0688  (344.4s)
Epoch 170/500  loss=0.0517  val_AP=0.0682  (377.3s)
Epoch 180/500  loss=0.0517  val_AP=0.0696  (356.2s)
Epoch 190/500  loss=0.0517  val_AP=0.0695  (375.5s)
Epoch 200/500  loss=0.0517  val_AP=0.0706  (342.1s)
Epoch 210/500  loss=0.0516  val_AP=0.0712  (425.5s)
Epoch 220/500  loss=0.0516  val_AP=0.0718  (425.0s)
Epoch 230/500  loss=0.0516  val_AP=0.0731  (388.1s)
Epoch 240/500  loss=0.0516  val_AP=0.0727  (427.7s)
Epoch 250/500  loss=0.0515  val_AP=0.0730  (407.2s)
Epoch 260/500  loss=0.0515  val_AP=0.0738  (453.5s)
Epoch 270/500  loss=0.0515  val_AP=0.0734  (379.2s)
Epoch 280/500  loss=0.0515  val_AP=0.0735  (364.6s)
Epoch 290/500  loss=0.0515  val_AP=0.0749  (402.6s)
Epoch 300/500  loss=0.0514  val_AP=0.0728  (423.4s)
Epoch 310/500  loss=0.0515  val_AP=0.0733  (356.6s)
Epoch 320/500  loss=0.0514  val_AP=0.0758  (417.3s)
Epoch 330/500  loss=0.0514  val_AP=0.0755  (423.3s)
Epoch 340/500  loss=0.0514  val_AP=0.0747  (399.2s)
Epoch 350/500  loss=0.0514  val_AP=0.0737  (416.9s)
Epoch 360/500  loss=0.0514  val_AP=0.0747  (392.1s)
Epoch 370/500  loss=0.0514  val_AP=0.0755  (447.8s)
Epoch 380/500  loss=0.0514  val_AP=0.0739  (475.5s)
Epoch 390/500  loss=0.0514  val_AP=0.0741  (402.3s)
Epoch 400/500  loss=0.0514  val_AP=0.0756  (371.1s)
Epoch 410/500  loss=0.0514  val_AP=0.0758  (409.6s)
Epoch 420/500  loss=0.0514  val_AP=0.0757  (400.6s)
Epoch 430/500  loss=0.0513  val_AP=0.0744  (417.3s)
Epoch 440/500  loss=0.0513  val_AP=0.0761  (353.0s)
Epoch 450/500  loss=0.0514  val_AP=0.0751  (379.3s)
Epoch 460/500  loss=0.0514  val_AP=0.0751  (399.7s)
Epoch 470/500  loss=0.0514  val_AP=0.0756  (411.8s)
Epoch 480/500  loss=0.0513  val_AP=0.0757  (408.9s)
Epoch 490/500  loss=0.0513  val_AP=0.0731  (475.3s)
Epoch 500/500  loss=0.0514  val_AP=0.0758  (396.1s)

Best epoch: 423
Final val ap: 0.0771
Final test ap: 0.0791
Results saved to results/matched_compute_k16/gin/map_k16_h16_s2
