/home/snirhordan/miniconda3/envs/schnet-angle/lib/python3.10/site-packages/outdated/__init__.py:36: UserWarning: pkg_resources is deprecated as an API. See https://setuptools.pypa.io/en/latest/pkg_resources.html. The pkg_resources package is slated for removal as early as 2025-11-30. Refrain from using this package or pin to Setuptools<81.
  from pkg_resources import parse_version
Device: cuda
Loading ogbg-molpcba with map canonicalization (k=16)...
  Train: 350343 graphs
  Valid: 43793 graphs
  Test:  43793 graphs
  Tasks: 128
Model parameters: 5,952
Epoch   1/500  loss=0.0713  val_AP=0.0419  (467.3s)
Epoch  10/500  loss=0.0527  val_AP=0.0515  (290.1s)
Epoch  20/500  loss=0.0525  val_AP=0.0557  (308.2s)
Epoch  30/500  loss=0.0523  val_AP=0.0566  (377.5s)
Epoch  40/500  loss=0.0523  val_AP=0.0576  (418.2s)
Epoch  50/500  loss=0.0522  val_AP=0.0576  (398.7s)
Epoch  60/500  loss=0.0522  val_AP=0.0599  (437.8s)
Epoch  70/500  loss=0.0521  val_AP=0.0593  (397.9s)
Epoch  80/500  loss=0.0521  val_AP=0.0589  (364.5s)
Epoch  90/500  loss=0.0521  val_AP=0.0594  (404.7s)
Epoch 100/500  loss=0.0521  val_AP=0.0604  (383.2s)
Epoch 110/500  loss=0.0521  val_AP=0.0602  (401.6s)
Epoch 120/500  loss=0.0520  val_AP=0.0611  (387.5s)
Epoch 130/500  loss=0.0520  val_AP=0.0586  (378.7s)
Epoch 140/500  loss=0.0520  val_AP=0.0608  (389.1s)
Epoch 150/500  loss=0.0520  val_AP=0.0606  (373.2s)
Epoch 160/500  loss=0.0520  val_AP=0.0606  (393.6s)
Epoch 170/500  loss=0.0520  val_AP=0.0614  (377.0s)
Epoch 180/500  loss=0.0520  val_AP=0.0627  (367.4s)
Epoch 190/500  loss=0.0520  val_AP=0.0615  (387.7s)
Epoch 200/500  loss=0.0519  val_AP=0.0623  (365.1s)
Epoch 210/500  loss=0.0519  val_AP=0.0620  (430.7s)
Epoch 220/500  loss=0.0519  val_AP=0.0626  (415.0s)
Epoch 230/500  loss=0.0519  val_AP=0.0621  (438.0s)
Epoch 240/500  loss=0.0519  val_AP=0.0624  (437.1s)
Epoch 250/500  loss=0.0519  val_AP=0.0629  (366.1s)
Epoch 260/500  loss=0.0519  val_AP=0.0630  (387.9s)
Epoch 270/500  loss=0.0518  val_AP=0.0635  (459.2s)
Epoch 280/500  loss=0.0518  val_AP=0.0652  (378.6s)
Epoch 290/500  loss=0.0518  val_AP=0.0650  (369.0s)
Epoch 300/500  loss=0.0518  val_AP=0.0660  (399.4s)
Epoch 310/500  loss=0.0518  val_AP=0.0653  (419.7s)
Epoch 320/500  loss=0.0518  val_AP=0.0653  (382.5s)
Epoch 330/500  loss=0.0517  val_AP=0.0647  (444.0s)
Epoch 340/500  loss=0.0517  val_AP=0.0649  (404.8s)
Epoch 350/500  loss=0.0517  val_AP=0.0652  (437.1s)
Epoch 360/500  loss=0.0517  val_AP=0.0662  (414.0s)
Epoch 370/500  loss=0.0517  val_AP=0.0665  (420.0s)
Epoch 380/500  loss=0.0517  val_AP=0.0658  (433.3s)
Epoch 390/500  loss=0.0518  val_AP=0.0661  (378.5s)
Epoch 400/500  loss=0.0517  val_AP=0.0664  (388.4s)
Epoch 410/500  loss=0.0517  val_AP=0.0666  (420.6s)
Epoch 420/500  loss=0.0517  val_AP=0.0666  (378.5s)
Epoch 430/500  loss=0.0517  val_AP=0.0663  (407.4s)
Epoch 440/500  loss=0.0517  val_AP=0.0674  (355.2s)
Epoch 450/500  loss=0.0517  val_AP=0.0669  (412.2s)
Epoch 460/500  loss=0.0517  val_AP=0.0672  (399.1s)
Epoch 470/500  loss=0.0516  val_AP=0.0666  (337.6s)
Epoch 480/500  loss=0.0516  val_AP=0.0660  (440.1s)
Epoch 490/500  loss=0.0517  val_AP=0.0664  (416.4s)
Epoch 500/500  loss=0.0516  val_AP=0.0667  (430.4s)

Best epoch: 429
Final val ap: 0.0679
Final test ap: 0.0692
Results saved to results/matched_compute_k16/gin/map_k16_h16_s0
