/home/snirhordan/miniconda3/envs/schnet-angle/lib/python3.10/site-packages/outdated/__init__.py:36: UserWarning: pkg_resources is deprecated as an API. See https://setuptools.pypa.io/en/latest/pkg_resources.html. The pkg_resources package is slated for removal as early as 2025-11-30. Refrain from using this package or pin to Setuptools<81.
  from pkg_resources import parse_version
Device: cuda
Loading ogbg-molpcba with random_augmented canonicalization (k=8)...
  Train: 350343 graphs
  Valid: 43793 graphs
  Test:  43793 graphs
  Tasks: 128
Model parameters: 2,975,872
Epoch   1/200  loss=0.0538  val_AP=0.0729  (641.7s)
Epoch  10/200  loss=0.0432  val_AP=0.1575  (434.3s)
Epoch  20/200  loss=0.0408  val_AP=0.1917  (431.6s)
Epoch  30/200  loss=0.0396  val_AP=0.2118  (546.0s)
Epoch  40/200  loss=0.0387  val_AP=0.2259  (425.7s)
Epoch  50/200  loss=0.0380  val_AP=0.2220  (488.0s)
Epoch  60/200  loss=0.0375  val_AP=0.2304  (404.0s)
Epoch  70/200  loss=0.0370  val_AP=0.2362  (481.6s)
Epoch  80/200  loss=0.0365  val_AP=0.2405  (448.6s)
Epoch  90/200  loss=0.0361  val_AP=0.2486  (442.3s)
Epoch 100/200  loss=0.0357  val_AP=0.2513  (473.3s)
Epoch 110/200  loss=0.0353  val_AP=0.2521  (473.5s)
Epoch 120/200  loss=0.0350  val_AP=0.2602  (470.6s)
Epoch 130/200  loss=0.0347  val_AP=0.2590  (513.0s)
Epoch 140/200  loss=0.0344  val_AP=0.2630  (497.0s)
Epoch 150/200  loss=0.0342  val_AP=0.2638  (455.2s)
Epoch 160/200  loss=0.0340  val_AP=0.2632  (473.8s)
Epoch 170/200  loss=0.0339  val_AP=0.2595  (378.6s)
Early stopping at epoch 174 (patience=15)

Best epoch: 159
Final val ap: 0.2655
Final test ap: 0.2483
Final test ap (aug-avg K=16): 0.2490
Results saved to results/test_time_averaging_augmented_k8/gin/random_augmented_k8_h512_s1
