/home/snirhordan/miniconda3/envs/schnet-angle/lib/python3.10/site-packages/outdated/__init__.py:36: UserWarning: pkg_resources is deprecated as an API. See https://setuptools.pypa.io/en/latest/pkg_resources.html. The pkg_resources package is slated for removal as early as 2025-11-30. Refrain from using this package or pin to Setuptools<81.
  from pkg_resources import parse_version
Device: cuda
Loading ogbg-molpcba with oap canonicalization (k=3)...
  Train: 350343 graphs
  Valid: 43793 graphs
  Test:  43793 graphs
  Tasks: 128
Model parameters: 5,744
Epoch   1/200  loss=0.0713  val_AP=0.0403  (605.7s)
Epoch  10/200  loss=0.0526  val_AP=0.0540  (455.1s)
Epoch  20/200  loss=0.0523  val_AP=0.0589  (460.7s)
Epoch  30/200  loss=0.0522  val_AP=0.0606  (450.2s)
Epoch  40/200  loss=0.0522  val_AP=0.0596  (478.6s)
Epoch  50/200  loss=0.0521  val_AP=0.0592  (330.4s)
Epoch  60/200  loss=0.0521  val_AP=0.0625  (470.6s)
Epoch  70/200  loss=0.0520  val_AP=0.0627  (396.4s)
Epoch  80/200  loss=0.0520  val_AP=0.0645  (284.4s)
Epoch  90/200  loss=0.0520  val_AP=0.0651  (282.8s)
Epoch 100/200  loss=0.0519  val_AP=0.0639  (281.5s)
Epoch 110/200  loss=0.0519  val_AP=0.0636  (272.4s)
Early stopping at epoch 118 (patience=15)

Best epoch: 103
Final val ap: 0.0670
Final test ap: 0.0679
Results saved to results/test_time_averaging_augmented/gin/oap_k3_h16_s1
